0 verbose cli D:\下载文档\node.exe D:\下载文档\node_modules\npm\bin\npm-cli.js
1 info using npm@11.11.0
2 info using node@v24.14.1
3 silly config load:file:D:\下载文档\node_modules\npm\npmrc
4 silly config load:file:D:\作业\实验档案馆\方案2\.npmrc
5 silly config load:file:C:\Users\31922\.npmrc
6 silly config load:file:C:\Users\31922\AppData\Roaming\npm\etc\npmrc
7 verbose title npm install
8 verbose argv "install" "--package-lock-only"
9 verbose logfile logs-max:10 dir:D:\作业\实验档案馆\方案2\.npm-cache\_logs\2026-05-06T21_32_52_202Z-
10 verbose logfile D:\作业\实验档案馆\方案2\.npm-cache\_logs\2026-05-06T21_32_52_202Z-debug-0.log
11 silly logfile done cleaning log files
12 silly packumentCache heap:4496293888 maxSize:1124073472 maxEntrySize:562036736
13 silly idealTree buildDeps
14 silly audit report null
15 verbose cwd D:\作业\实验档案馆\方案2
16 verbose os Windows_NT 10.0.26100
17 verbose node v24.14.1
18 verbose npm  v11.11.0
19 verbose exit 0
20 info ok
